This is pdfTeX, Version 3.141592653-2.6-1.40.25 (TeX Live 2023/Debian) (preloaded format=pdflatex 2025.6.4)  14 JUL 2026 00:23
entering extended mode
 restricted \write18 enabled.
 %&-line parsing enabled.
**paper.tex
(./paper.tex
LaTeX2e <2023-11-01> patch level 1
L3 programming layer <2024-01-22>
(/home/xuzihuan/db-tpch-q5/docs/paper/template/CjC.cls
Document Class: CjC 2019/01/01 v0.1 CjC LaTeX Chinese template class
(/usr/share/texlive/texmf-dist/tex/latex/base/article.cls
Document Class: article 2023/05/17 v1.4n Standard LaTeX document class
(/usr/share/texlive/texmf-dist/tex/latex/base/size10.clo
File: size10.clo 2023/05/17 v1.4n Standard LaTeX file (size option)
)
\c@part=\count187
\c@section=\count188
\c@subsection=\count189
\c@subsubsection=\count190
\c@paragraph=\count191
\c@subparagraph=\count192
\c@figure=\count193
\c@table=\count194
\abovecaptionskip=\skip48
\belowcaptionskip=\skip49
\bibindent=\dimen140
)
(/usr/share/texlive/texmf-dist/tex/latex/base/ifthen.sty
Package: ifthen 2022/04/13 v1.1d Standard LaTeX ifthen package (DPC)
)
(/usr/share/texlive/texmf-dist/tex/latex/sttools/flushend.sty
Package: flushend 2021/10/04 v4.0 Balancing columns in twocolumn mode
\flushend@@lastskip@a=\skip50
\flushend@@lastskip@b=\skip51
\flushend@@lastnode=\count195
\var@@loop@iter=\count196
\var@@temp@spread=\dimen141
\var@@temp@a=\dimen142
\var@@temp@loop=\dimen143
\flushend@@page@rule=\dimen144
\flushend@@varbox@lastpage=\box51
\flushend@@varbox@a=\box52
\flushend@@varbox@c=\box53
\flushend@@tempbox@a=\box54
\flushend@@tempbox@c=\box55
\flushend@@floatbox=\box56
\@viper=\box57
\hold@viper=\box58
\atColsBreak=\toks17
\atColsEnd=\toks18
\oldbreak@skip=\dimen145
)
(/usr/share/texlive/texmf-dist/tex/latex/graphics/graphicx.sty
Package: graphicx 2021/09/16 v1.2d Enhanced LaTeX Graphics (DPC,SPQR)

(/usr/share/texlive/texmf-dist/tex/latex/graphics/keyval.sty
Package: keyval 2022/05/29 v1.15 key=value parser (DPC)
\KV@toks@=\toks19
)
(/usr/share/texlive/texmf-dist/tex/latex/graphics/graphics.sty
Package: graphics 2022/03/10 v1.4e Standard LaTeX Graphics (DPC,SPQR)

(/usr/share/texlive/texmf-dist/tex/latex/graphics/trig.sty
Package: trig 2021/08/11 v1.11 sin cos tan (DPC)
)
(/usr/share/texlive/texmf-dist/tex/latex/graphics-cfg/graphics.cfg
File: graphics.cfg 2016/06/04 v1.11 sample graphics configuration
)
Package graphics Info: Driver file: pdftex.def on input line 107.

(/usr/share/texlive/texmf-dist/tex/latex/graphics-def/pdftex.def
File: pdftex.def 2022/09/22 v1.2b Graphics/color driver for pdftex
))
\Gin@req@height=\dimen146
\Gin@req@width=\dimen147
)
(/usr/share/texlive/texmf-dist/tex/latex/psnfss/times.sty
Package: times 2020/03/25 PSNFSS-v9.3 (SPQR) 
)
(/home/xuzihuan/db-tpch-q5/docs/paper/template/picins.sty
Option `picins' Version 3.0 Sep. 1992, TH Darmstadt/HRZ
\@BILD=\box59
\@TEXT=\box60
\d@breite=\dimen148
\d@hoehe=\dimen149
\d@xoff=\dimen150
\d@yoff=\dimen151
\d@shad=\dimen152
\d@dash=\dimen153
\d@boxl=\dimen154
\d@pichskip=\dimen155
\d@tmp=\dimen156
\d@tmpa=\dimen157
\d@bskip=\dimen158
\hsiz@=\dimen159
\p@getot@l=\dimen160
\c@breite=\count197
\c@hoehe=\count198
\c@xoff=\count199
\c@yoff=\count266
\c@pos=\count267
\c@shad=\count268
\c@dash=\count269
\c@boxl=\count270
\c@zeilen=\count271
\@changemode=\count272
\c@piccaption=\count273
\c@piccaptionpos=\count274
\c@picpos=\count275
\c@whole=\count276
\c@half=\count277
\c@tmp=\count278
\c@tmpa=\count279
\c@tmpb=\count280
\c@tmpc=\count281
\c@tmpd=\count282
\d@leftskip=\skip52
\ptoti=\dimen161
\ptotii=\dimen162
\env@box=\box61
\d@envdp=\dimen163
\c@hsize=\count283
\c@envdp=\count284
\d@envb=\dimen164
)
(/usr/share/texlive/texmf-dist/tex/latex/ccaption/ccaption.sty
Package: ccaption 2011/08/07 v3.2c Extended captioning and new floats
\@contcwidth=\skip53
\@contindw=\skip54
\abovelegendskip=\skip55
\belowlegendskip=\skip56
\c@newflo@tctr=\count285
)
(/usr/share/texlive/texmf-dist/tex/latex/tools/calc.sty
Package: calc 2023/07/08 v4.3 Infix arithmetic (KKT,FJ)
\calc@Acount=\count286
\calc@Bcount=\count287
\calc@Adimen=\dimen165
\calc@Bdimen=\dimen166
\calc@Askip=\skip57
\calc@Bskip=\skip58
LaTeX Info: Redefining \setlength on input line 80.
LaTeX Info: Redefining \addtolength on input line 81.
\calc@Ccount=\count288
\calc@Cskip=\skip59
)
\CjC@linespace=\skip60


LaTeX Font Warning: Font shape `OT1/cmr/m/n' in size <10.53937> not available
(Font)              size <10.95> substituted on input line 110.

) (/usr/share/texmf/tex/latex/CJK/CJKutf8.sty
Package: CJKutf8 2021/10/16 4.8.5

(/usr/share/texlive/texmf-dist/tex/generic/iftex/ifpdf.sty
Package: ifpdf 2019/10/25 v3.4 ifpdf legacy package. Use iftex instead.

(/usr/share/texlive/texmf-dist/tex/generic/iftex/iftex.sty
Package: iftex 2022/02/03 v1.0f TeX engine tests
))
(/usr/share/texlive/texmf-dist/tex/latex/base/inputenc.sty
Package: inputenc 2021/02/14 v1.3d Input encoding file
\inpenc@prehook=\toks20
\inpenc@posthook=\toks21
)
(/usr/share/texmf/tex/latex/CJK/CJK.sty
Package: CJK 2021/10/16 4.8.5

(/usr/share/texmf/tex/latex/CJK/mule/MULEenc.sty
Package: MULEenc 2021/10/16 4.8.5
)
(/usr/share/texmf/tex/latex/CJK/CJK.enc
File: CJK.enc 2021/10/16 4.8.5
Now handling font encoding C00 ...
... no UTF-8 mapping file for font encoding C00
Now handling font encoding C05 ...
... no UTF-8 mapping file for font encoding C05
Now handling font encoding C09 ...
... no UTF-8 mapping file for font encoding C09
Now handling font encoding C10 ...
... no UTF-8 mapping file for font encoding C10
Now handling font encoding C20 ...
... no UTF-8 mapping file for font encoding C20
Now handling font encoding C19 ...
... no UTF-8 mapping file for font encoding C19
Now handling font encoding C40 ...
... no UTF-8 mapping file for font encoding C40
Now handling font encoding C42 ...
... no UTF-8 mapping file for font encoding C42
Now handling font encoding C43 ...
... no UTF-8 mapping file for font encoding C43
Now handling font encoding C50 ...
... no UTF-8 mapping file for font encoding C50
Now handling font encoding C52 ...
... no UTF-8 mapping file for font encoding C52
Now handling font encoding C49 ...
... no UTF-8 mapping file for font encoding C49
Now handling font encoding C60 ...
... no UTF-8 mapping file for font encoding C60
Now handling font encoding C61 ...
... no UTF-8 mapping file for font encoding C61
Now handling font encoding C63 ...
... no UTF-8 mapping file for font encoding C63
Now handling font encoding C64 ...
... no UTF-8 mapping file for font encoding C64
Now handling font encoding C65 ...
... no UTF-8 mapping file for font encoding C65
Now handling font encoding C70 ...
... no UTF-8 mapping file for font encoding C70
Now handling font encoding C31 ...
... no UTF-8 mapping file for font encoding C31
Now handling font encoding C32 ...
... no UTF-8 mapping file for font encoding C32
Now handling font encoding C33 ...
... no UTF-8 mapping file for font encoding C33
Now handling font encoding C34 ...
... no UTF-8 mapping file for font encoding C34
Now handling font encoding C35 ...
... no UTF-8 mapping file for font encoding C35
Now handling font encoding C36 ...
... no UTF-8 mapping file for font encoding C36
Now handling font encoding C37 ...
... no UTF-8 mapping file for font encoding C37
Now handling font encoding C80 ...
... no UTF-8 mapping file for font encoding C80
Now handling font encoding C81 ...
... no UTF-8 mapping file for font encoding C81
Now handling font encoding C01 ...
... no UTF-8 mapping file for font encoding C01
Now handling font encoding C11 ...
... no UTF-8 mapping file for font encoding C11
Now handling font encoding C21 ...
... no UTF-8 mapping file for font encoding C21
Now handling font encoding C41 ...
... no UTF-8 mapping file for font encoding C41
Now handling font encoding C62 ...
... no UTF-8 mapping file for font encoding C62
)
\CJK@indent=\box62
)
(/usr/share/texlive/texmf-dist/tex/latex/base/fontenc.sty
Package: fontenc 2021/04/29 v2.0v Standard LaTeX package
LaTeX Font Info:    Trying to load font information for OT1+ptm on input line 1
12.

(/usr/share/texlive/texmf-dist/tex/latex/psnfss/ot1ptm.fd
File: ot1ptm.fd 2001/06/04 font definitions for OT1/ptm.
)))
(/usr/share/texlive/texmf-dist/tex/latex/amsmath/amsmath.sty
Package: amsmath 2023/05/13 v2.17o AMS math features
\@mathmargin=\skip61

For additional information on amsmath, use the `?' option.
(/usr/share/texlive/texmf-dist/tex/latex/amsmath/amstext.sty
Package: amstext 2021/08/26 v2.01 AMS text

(/usr/share/texlive/texmf-dist/tex/latex/amsmath/amsgen.sty
File: amsgen.sty 1999/11/30 v2.0 generic functions
\@emptytoks=\toks22
\ex@=\dimen167
))
(/usr/share/texlive/texmf-dist/tex/latex/amsmath/amsbsy.sty
Package: amsbsy 1999/11/29 v1.2d Bold Symbols
\pmbraise@=\dimen168
)
(/usr/share/texlive/texmf-dist/tex/latex/amsmath/amsopn.sty
Package: amsopn 2022/04/08 v2.04 operator names
)
\inf@bad=\count289
LaTeX Info: Redefining \frac on input line 234.
\uproot@=\count290
\leftroot@=\count291
LaTeX Info: Redefining \overline on input line 399.
LaTeX Info: Redefining \colon on input line 410.
\classnum@=\count292
\DOTSCASE@=\count293
LaTeX Info: Redefining \ldots on input line 496.
LaTeX Info: Redefining \dots on input line 499.
LaTeX Info: Redefining \cdots on input line 620.
\Mathstrutbox@=\box63
\strutbox@=\box64
LaTeX Info: Redefining \big on input line 722.
LaTeX Info: Redefining \Big on input line 723.
LaTeX Info: Redefining \bigg on input line 724.
LaTeX Info: Redefining \Bigg on input line 725.
\big@size=\dimen169
LaTeX Font Info:    Redeclaring font encoding OML on input line 743.
LaTeX Font Info:    Redeclaring font encoding OMS on input line 744.
\macc@depth=\count294
LaTeX Info: Redefining \bmod on input line 905.
LaTeX Info: Redefining \pmod on input line 910.
LaTeX Info: Redefining \smash on input line 940.
LaTeX Info: Redefining \relbar on input line 970.
LaTeX Info: Redefining \Relbar on input line 971.
\c@MaxMatrixCols=\count295
\dotsspace@=\muskip16
\c@parentequation=\count296
\dspbrk@lvl=\count297
\tag@help=\toks23
\row@=\count298
\column@=\count299
\maxfields@=\count300
\andhelp@=\toks24
\eqnshift@=\dimen170
\alignsep@=\dimen171
\tagshift@=\dimen172
\tagwidth@=\dimen173
\totwidth@=\dimen174
\lineht@=\dimen175
\@envbody=\toks25
\multlinegap=\skip62
\multlinetaggap=\skip63
\mathdisplay@stack=\toks26
LaTeX Info: Redefining \[ on input line 2953.
LaTeX Info: Redefining \] on input line 2954.
)
(/usr/share/texlive/texmf-dist/tex/latex/booktabs/booktabs.sty
Package: booktabs 2020/01/12 v1.61803398 Publication quality tables
\heavyrulewidth=\dimen176
\lightrulewidth=\dimen177
\cmidrulewidth=\dimen178
\belowrulesep=\dimen179
\belowbottomsep=\dimen180
\aboverulesep=\dimen181
\abovetopsep=\dimen182
\cmidrulesep=\dimen183
\cmidrulekern=\dimen184
\defaultaddspace=\dimen185
\@cmidla=\count301
\@cmidlb=\count302
\@aboverulesep=\dimen186
\@belowrulesep=\dimen187
\@thisruleclass=\count303
\@lastruleclass=\count304
\@thisrulewidth=\dimen188
)
(/usr/share/texlive/texmf-dist/tex/latex/url/url.sty
\Urlmuskip=\muskip17
Package: url 2013/09/16  ver 3.4  Verb mode for urls, etc.
)
(/usr/share/texlive/texmf-dist/tex/latex/cite/cite.sty
LaTeX Info: Redefining \cite on input line 302.
LaTeX Info: Redefining \nocite on input line 332.
Package: cite 2015/02/27  v 5.5
)
(/home/xuzihuan/db-tpch-q5/docs/paper/template/captionhack.sty)
(/usr/share/texlive/texmf-dist/tex/latex/l3backend/l3backend-pdftex.def
File: l3backend-pdftex.def 2024-01-04 L3 backend support: PDF output (pdfTeX)
\l__color_backend_stack_int=\count305
\l__pdf_internal_box=\box65
)

LaTeX Warning: Unused global option(s):
    [10.5pt,journal].

(./paper.aux)
\openout1 = `paper.aux'.

LaTeX Font Info:    Checking defaults for OML/cmm/m/it on input line 12.
LaTeX Font Info:    ... okay on input line 12.
LaTeX Font Info:    Checking defaults for OMS/cmsy/m/n on input line 12.
LaTeX Font Info:    ... okay on input line 12.
LaTeX Font Info:    Checking defaults for OT1/cmr/m/n on input line 12.
LaTeX Font Info:    ... okay on input line 12.
LaTeX Font Info:    Checking defaults for T1/cmr/m/n on input line 12.
LaTeX Font Info:    ... okay on input line 12.
LaTeX Font Info:    Checking defaults for TS1/cmr/m/n on input line 12.
LaTeX Font Info:    ... okay on input line 12.
LaTeX Font Info:    Checking defaults for OMX/cmex/m/n on input line 12.
LaTeX Font Info:    ... okay on input line 12.
LaTeX Font Info:    Checking defaults for U/cmr/m/n on input line 12.
LaTeX Font Info:    ... okay on input line 12.
LaTeX Font Info:    Checking defaults for C00/song/m/n on input line 12.
LaTeX Font Info:    ... okay on input line 12.
LaTeX Font Info:    Checking defaults for C05/song/m/n on input line 12.
LaTeX Font Info:    ... okay on input line 12.
LaTeX Font Info:    Checking defaults for C09/song/m/n on input line 12.
LaTeX Font Info:    ... okay on input line 12.
LaTeX Font Info:    Checking defaults for C10/song/m/n on input line 12.
LaTeX Font Info:    ... okay on input line 12.
LaTeX Font Info:    Checking defaults for C20/song/m/n on input line 12.
LaTeX Font Info:    ... okay on input line 12.
LaTeX Font Info:    Checking defaults for C19/song/m/n on input line 12.
LaTeX Font Info:    ... okay on input line 12.
LaTeX Font Info:    Checking defaults for C40/song/m/n on input line 12.
LaTeX Font Info:    ... okay on input line 12.
LaTeX Font Info:    Checking defaults for C42/song/m/n on input line 12.
LaTeX Font Info:    ... okay on input line 12.
LaTeX Font Info:    Checking defaults for C43/song/m/n on input line 12.
LaTeX Font Info:    ... okay on input line 12.
LaTeX Font Info:    Checking defaults for C50/song/m/n on input line 12.
LaTeX Font Info:    ... okay on input line 12.
LaTeX Font Info:    Checking defaults for C52/song/m/n on input line 12.
LaTeX Font Info:    ... okay on input line 12.
LaTeX Font Info:    Checking defaults for C49/song/m/n on input line 12.
LaTeX Font Info:    ... okay on input line 12.
LaTeX Font Info:    Checking defaults for C60/mj/m/n on input line 12.
LaTeX Font Info:    ... okay on input line 12.
LaTeX Font Info:    Checking defaults for C61/mj/m/n on input line 12.
LaTeX Font Info:    ... okay on input line 12.
LaTeX Font Info:    Checking defaults for C63/mj/m/n on input line 12.
LaTeX Font Info:    ... okay on input line 12.
LaTeX Font Info:    Checking defaults for C64/mj/m/n on input line 12.
LaTeX Font Info:    ... okay on input line 12.
LaTeX Font Info:    Checking defaults for C65/mj/m/n on input line 12.
LaTeX Font Info:    ... okay on input line 12.
LaTeX Font Info:    Checking defaults for C70/song/m/n on input line 12.
LaTeX Font Info:    ... okay on input line 12.
LaTeX Font Info:    Checking defaults for C31/song/m/n on input line 12.
LaTeX Font Info:    ... okay on input line 12.
LaTeX Font Info:    Checking defaults for C32/song/m/n on input line 12.
LaTeX Font Info:    ... okay on input line 12.
LaTeX Font Info:    Checking defaults for C33/song/m/n on input line 12.
LaTeX Font Info:    ... okay on input line 12.
LaTeX Font Info:    Checking defaults for C34/song/m/n on input line 12.
LaTeX Font Info:    ... okay on input line 12.
LaTeX Font Info:    Checking defaults for C35/song/m/n on input line 12.
LaTeX Font Info:    ... okay on input line 12.
LaTeX Font Info:    Checking defaults for C36/song/m/n on input line 12.
LaTeX Font Info:    ... okay on input line 12.
LaTeX Font Info:    Checking defaults for C37/song/m/n on input line 12.
LaTeX Font Info:    ... okay on input line 12.
LaTeX Font Info:    Checking defaults for C80/song/m/n on input line 12.
LaTeX Font Info:    ... okay on input line 12.
LaTeX Font Info:    Checking defaults for C81/song/m/n on input line 12.
LaTeX Font Info:    ... okay on input line 12.
LaTeX Font Info:    Checking defaults for C01/song/m/n on input line 12.
LaTeX Font Info:    ... okay on input line 12.
LaTeX Font Info:    Checking defaults for C11/song/m/n on input line 12.
LaTeX Font Info:    ... okay on input line 12.
LaTeX Font Info:    Checking defaults for C21/song/m/n on input line 12.
LaTeX Font Info:    ... okay on input line 12.
LaTeX Font Info:    Checking defaults for C41/song/m/n on input line 12.
LaTeX Font Info:    ... okay on input line 12.
LaTeX Font Info:    Checking defaults for C62/song/m/n on input line 12.
LaTeX Font Info:    ... okay on input line 12.

(/usr/share/texlive/texmf-dist/tex/context/base/mkii/supp-pdf.mkii
[Loading MPS to PDF converter (version 2006.09.02).]
\scratchcounter=\count306
\scratchdimen=\dimen189
\scratchbox=\box66
\nofMPsegments=\count307
\nofMParguments=\count308
\everyMPshowfont=\toks27
\MPscratchCnt=\count309
\MPscratchDim=\dimen190
\MPnumerator=\count310
\makeMPintoPDFobject=\count311
\everyMPtoPDFconversion=\toks28
) (/usr/share/texlive/texmf-dist/tex/latex/epstopdf-pkg/epstopdf-base.sty
Package: epstopdf-base 2020-01-24 v2.11 Base part for package epstopdf
Package epstopdf-base Info: Redefining graphics rule for `.eps' on input line 4
85.

(/usr/share/texlive/texmf-dist/tex/latex/latexconfig/epstopdf-sys.cfg
File: epstopdf-sys.cfg 2010/07/13 v1.3 Configuration of (r)epstopdf for TeX Liv
e
))
(/usr/share/texmf/tex/latex/CJK/UTF8/UTF8.bdg
File: UTF8.bdg 2021/10/16 4.8.5
)
(/usr/share/texmf/tex/latex/CJK/UTF8/UTF8.enc
File: UTF8.enc 2021/10/16 4.8.5
)
(/usr/share/texmf/tex/latex/CJK/UTF8/UTF8.chr
File: UTF8.chr 2021/10/16 4.8.5
)
LaTeX Font Info:    Trying to load font information for C70+gbsn on input line 
57.

(/usr/share/texmf/tex/latex/CJK/UTF8/c70gbsn.fd
File: c70gbsn.fd 2008/10/03 4.8.1
)
(/usr/share/texmf/tex/latex/CJK/UTF8/c70gbsn.fdx
File: c70gbsn.fdx 2012/05/07 4.8.3
)

LaTeX Font Warning: Font shape `C70/gbsn/b/n' undefined
(Font)              using `C70/gbsn/m/n' instead on input line 57.

LaTeX Font Info:    Calculating math sizes for size <10.53937> on input line 57
.

LaTeX Font Warning: Font shape `OML/cmm/m/it' in size <10.53937> not available
(Font)              size <10.95> substituted on input line 57.


LaTeX Font Warning: Font shape `OMS/cmsy/m/n' in size <10.53937> not available
(Font)              size <10.95> substituted on input line 57.


LaTeX Font Warning: Font shape `OMX/cmex/m/n' in size <10.53937> not available
(Font)              size <10.95> substituted on input line 57.


Underfull \vbox (badness 10000) has occurred while \output is active []

LaTeX Font Info:    Trying to load font information for OT1+pcr on input line 9
0.

(/usr/share/texlive/texmf-dist/tex/latex/psnfss/ot1pcr.fd
File: ot1pcr.fd 2001/06/04 font definitions for OT1/pcr.
)
Underfull \hbox (badness 2818) in paragraph at lines 90--94
[]\C70/gbsn/m/n/10.53937/65 p \C70/gbsn/m/n/10.53937/63 n \C70/gbsn/b/n/10.5393
7/51 Æ \C70/gbsn/m/n/10.53937/59 ^^G \C70/gbsn/m/n/10.53937/81 ^^Z \C70/gbsn/m/
n/10.53937/67 , \C70/gbsn/m/n/10.53937/62 Š\OT1/ptm/m/n/10.53937 TPC-H\C70/gbsn
/m/n/10.53937/76 „ \C70/gbsn/b/n/10.53937/51 m \C70/gbsn/m/n/10.53937/4e *\OT1/
pcr/m/n/10.53937 .tbl\C70/gbsn/m/n/10.53937/65 ‡ \C70/gbsn/m/n/10.53937/4e ö
 []


Underfull \hbox (badness 5548) in paragraph at lines 90--94
\C70/gbsn/m/n/10.53937/8f l \C70/gbsn/m/n/10.53937/63 b \C70/gbsn/m/n/10.53937/
4e :\OT1/ptm/m/n/10.53937 Arrow IPC\C70/gbsn/m/n/10.53937/65 ‡ \C70/gbsn/m/n/10
.53937/4e ö \C70/gbsn/m/n/10.53937/ff ^^L \C70/gbsn/m/n/10.53937/54 ^^L \C70/gb
sn/m/n/10.53937/65 ö \C70/gbsn/b/n/10.53937/51 ™ e\OT1/ptm/m/n/10.53937 schema\
C70/gbsn/m/n/10.53937/30 ^^A
 []


Underfull \hbox (badness 10000) in paragraph at lines 90--94
\C70/gbsn/m/n/10.53937/88 L \C70/gbsn/m/n/10.53937/65 p \C70/gbsn/m/n/10.53937/
54 Œ\OT1/ptm/m/n/10.53937 SHA256\C70/gbsn/m/n/10.53937/68 ! \C70/gbsn/m/n/10.53
937/9a Œ \C70/gbsn/m/n/10.53937/4f á \C70/gbsn/m/n/10.53937/60 o \C70/gbsn/m/n/
10.53937/30 ^^B\OT1/ptm/m/n/10.53937 Arrow\C70/gbsn/m/n/10.53937/65 p \C70/gbsn
/m/n/10.53937/63 n \C70/gbsn/m/n/10.53937/96 Æ
 []


Underfull \hbox (badness 10000) in paragraph at lines 90--94
\C70/gbsn/m/n/10.53937/4f \ \C70/gbsn/m/n/10.53937/4e :\OT1/ptm/m/n/10.53937 Py
Arrow\C70/gbsn/m/n/10.53937/4e ^^N\OT1/ptm/m/n/10.53937 cuDF\C70/gbsn/m/n/10.53
937/57 ú \C70/gbsn/m/n/10.53937/7e ¿ \C70/gbsn/m/n/10.53937/76 „ \C70/gbsn/b/n/
10.53937/51 q \C70/gbsn/m/n/10.53937/54 ^^L \C70/gbsn/m/n/10.53937/8f “ \C70/gb
sn/b/n/10.53937/51 e \C70/gbsn/m/n/10.53937/30 ^^B \C70/gbsn/m/n/10.53937/4e ^^
S
 []


Underfull \hbox (badness 2884) in paragraph at lines 90--94
\C70/gbsn/m/n/10.53937/75 (\OT1/ptm/m/n/10.53937 C++/CUDA\C70/gbsn/m/n/10.53937
/8d ï \C70/gbsn/m/n/10.53937/5f „ \C70/gbsn/m/n/10.53937/76 î \C70/gbsn/m/n/10.
53937/52 M \C70/gbsn/m/n/10.53937/4e Í Î\OT1/pcr/m/n/10.53937 .tbl\C70/gbsn/m/n
/10.53937/67 „ \C70/gbsn/m/n/10.53937/90   \C70/gbsn/m/n/10.53937/8f Þ \C70/gbs
n/m/n/10.53937/7e í \C70/gbsn/m/n/10.53937/65 p
 []

[1{/var/lib/texmf/fonts/map/pdftex/updmap/pdftex.map}{/usr/share/texlive/texmf-
dist/fonts/enc/dvips/base/8r.enc}


]
Underfull \hbox (badness 10000) in paragraph at lines 105--108
[]\C70/gbsn/m/n/10.53937/4e ^^S \C70/gbsn/m/n/10.53937/75 (\OT1/ptm/m/n/10.5393
7 CPU\C70/gbsn/m/n/10.53937/72 H \C70/gbsn/m/n/10.53937/67 , \C70/gbsn/m/n/10.5
3937/62 Š\OT1/ptm/m/n/10.53937 lineitem\C70/gbsn/m/n/10.53937/52 ^^R ^^F \C70/g
bsn/m/n/10.53937/4e : \C70/gbsn/b/n/10.53937/8f Þ \C70/gbsn/m/n/10.53937/7e í
 []


Underfull \hbox (badness 6078) in paragraph at lines 105--108
\C70/gbsn/m/n/10.53937/53 : \C70/gbsn/b/n/10.53937/95 ô \C70/gbsn/m/n/10.53937/
ff ^^L \C70/gbsn/m/n/10.53937/6b Ï \C70/gbsn/m/n/10.53937/4e * \C70/gbsn/m/n/10
.53937/7e ¿ \C70/gbsn/m/n/10.53937/7a  \C70/gbsn/b/n/10.53937/4f ^^? \C70/gbsn
/m/n/10.53937/75 ( \C70/gbsn/m/n/10.53937/67 , \C70/gbsn/m/n/10.53937/57 0 \C70
/gbsn/m/n/10.53937/56 ý \C70/gbsn/m/n/10.53937/5b ¶ \C70/gbsn/m/n/10.53937/80 Z
 \C70/gbsn/m/n/10.53937/54 ^^H \C70/gbsn/m/n/10.53937/65 p
 []


Underfull \hbox (badness 10000) in paragraph at lines 105--108
\C70/gbsn/m/n/10.53937/7e Ä \C70/gbsn/m/n/10.53937/ff ^^L \C70/gbsn/m/n/10.5393
7/7e Ó \C70/gbsn/m/n/10.53937/67 _ \C70/gbsn/m/n/10.53937/54 ^^N \C70/gbsn/b/n/
10.53937/51  \C70/gbsn/m/n/10.53937/5f R \C70/gbsn/m/n/10.53937/5e v \C70/gbsn
/m/n/10.53937/30 ^^B\OT1/ptm/m/n/10.53937 Arrow CPU\C70/gbsn/m/n/10.53937/72 H 
\C70/gbsn/m/n/10.53937/67 , \C70/gbsn/b/n/10.53937/4f ^^?
 []


Underfull \hbox (badness 10000) in paragraph at lines 105--108
\C70/gbsn/m/n/10.53937/75 (\OT1/ptm/m/n/10.53937 PyArrow\C70/gbsn/m/n/10.53937/
76 „\OT1/ptm/m/n/10.53937 filter\C70/gbsn/m/n/10.53937/30 ^^A\OT1/ptm/m/n/10.53
937 join\C70/gbsn/m/n/10.53937/30 ^^A\OT1/ptm/m/n/10.53937 group by\C70/gbsn/m/
n/10.53937/54 Œ\OT1/ptm/m/n/10.53937 sort\C70/gbsn/m/n/10.53937/7b — \C70/gbsn/
m/n/10.53937/5b P \C70/gbsn/m/n/10.53937/ff ^^L
 []

LaTeX Font Info:    Trying to load font information for TS1+ptm on input line 1
14.
(/usr/share/texlive/texmf-dist/tex/latex/psnfss/ts1ptm.fd
File: ts1ptm.fd 2001/06/04 font definitions for TS1/ptm.
)
Underfull \hbox (badness 10000) in paragraph at lines 116--117
[]\OT1/pcr/m/n/10.53937 gpu-mapped\C70/gbsn/b/n/10.53937/4f ^^? \C70/gbsn/m/n/1
0.53937/75 ( \C70/gbsn/m/n/10.53937/66   \C70/gbsn/m/n/10.53937/5c ^^D \C70/gbs
n/b/n/10.53937/95 ^^A \C70/gbsn/m/n/10.53937/98 u \C70/gbsn/b/n/10.53937/51 …
 []


Underfull \hbox (badness 1248) in paragraph at lines 119--122
[]\C70/gbsn/b/n/10.53937/8f Ù \C70/gbsn/m/n/10.53937/4e 	 * \C70/gbsn/b/n/10.53
937/6a ! \C70/gbsn/b/n/10.53937/5f ^^O \C70/gbsn/m/n/10.53937/6b Ô \C70/gbsn/b/
n/10.53937/8f ƒ \C70/gbsn/m/n/10.53937/76 „ \C70/gbsn/m/n/10.53937/66 / \C70/gb
sn/b/n/10.53937/8f “ \C70/gbsn/b/n/10.53937/51 e \C70/gbsn/m/n/10.53937/65 p \C
70/gbsn/m/n/10.53937/7e Ä \C70/gbsn/m/n/10.53937/52 0\OT1/ptm/m/n/10.53937 GPU\
C70/gbsn/m/n/10.53937/76 „
 []


Underfull \hbox (badness 6078) in paragraph at lines 119--122
\C70/gbsn/b/n/10.53937/5b X \C70/gbsn/m/n/10.53937/65 > \C70/gbsn/m/n/10.53937/
54 Œ \C70/gbsn/b/n/10.53937/8b ¿ \C70/gbsn/b/n/10.53937/95 î \C70/gbsn/m/n/10.5
3937/65 ¹ \C70/gbsn/b/n/10.53937/5f ^^O \C70/gbsn/m/n/10.53937/ff ^^L \C70/gbsn
/m/n/10.53937/5e v \C70/gbsn/m/n/10.53937/4e ^^M \C70/gbsn/m/n/10.53937/66 / \C
70/gbsn/m/n/10.53937/4e 	 \C70/gbsn/m/n/10.53937/79 Í \C70/gbsn/m/n/10.53937/4e
 ^^M \C70/gbsn/m/n/10.53937/54 ^^L \C70/gbsn/m/n/10.53937/76 „
 []


Underfull \hbox (badness 10000) in paragraph at lines 119--122
\C70/gbsn/b/n/10.53937/8f Þ \C70/gbsn/m/n/10.53937/63 ¥ \C70/gbsn/m/n/10.53937/
7b — \C70/gbsn/m/n/10.53937/6c Õ \C70/gbsn/m/n/10.53937/30 ^^B\OT1/ptm/m/n/10.5
3937 cuDF\C70/gbsn/m/n/10.53937/72 H \C70/gbsn/m/n/10.53937/67 , \C70/gbsn/m/n/
10.53937/52 ^^Y \C70/gbsn/m/n/10.53937/90 ^^Z \C70/gbsn/b/n/10.53937/8f Ç \C70/
gbsn/m/n/10.53937/90 ^^Z \C70/gbsn/m/n/10.53937/75 (\OT1/ptm/m/n/10.53937 GPU
 []


Underfull \hbox (badness 10000) in paragraph at lines 119--122
\OT1/ptm/m/n/10.53937 DataFrame\C70/gbsn/m/n/10.53937/76 „\OT1/ptm/m/n/10.53937
 merge\C70/gbsn/m/n/10.53937/30 ^^A\OT1/ptm/m/n/10.53937 filter\C70/gbsn/m/n/10
.53937/30 ^^A\OT1/ptm/m/n/10.53937 groupby\C70/gbsn/m/n/10.53937/54 Œ\OT1/ptm/m
/n/10.53937 sort\C70/gbsn/m/n/10.53937/7b — \C70/gbsn/b/n/10.53937/5b P
 []


Underfull \hbox (badness 10000) in paragraph at lines 143--145
[]\OT1/ptm/m/n/10.53937 SF1\C70/gbsn/m/n/10.53937/4e 
 \C70/gbsn/b/n/10.53937/51 m \C70/gbsn/m/n/10.53937/79 Í \C70/gbsn/b/n/10.53937
/5b ž \C70/gbsn/m/n/10.53937/73 ° \C70/gbsn/m/n/10.53937/76 „ \C70/gbsn/m/n/10.
53937/7e Ó \C70/gbsn/m/n/10.53937/67 œ \C70/gbsn/m/n/10.53937/54 È \C70/gbsn/m/
n/10.53937/5e ^^L \C70/gbsn/m/n/10.53937/57 G
 []


Underfull \hbox (badness 4660) in paragraph at lines 143--145
\C70/gbsn/m/n/10.53937/4e :\OT1/pcr/m/n/10.53937 542abf4003633c7c\C70/gbsn/m/n/
10.53937/30 ^^B \C70/gbsn/m/n/10.53937/88 h\OT1/ptm/m/n/10.53937 1[] \C70/gbsn/
m/n/10.53937/52 ^^W \C70/gbsn/b/n/10.53937/51 ú \C70/gbsn/m/n/10.53937/76 „ \C7
0/gbsn/m/n/10.53937/4e ” \C70/gbsn/m/n/10.53937/88 L \C70/gbsn/m/n/10.53937/4e 
^^N
 []

LaTeX Font Info:    Calculating math sizes for size <7.52812> on input line 151
.

LaTeX Font Warning: Font shape `OT1/cmr/m/n' in size <7.52812> not available
(Font)              size <8> substituted on input line 151.


LaTeX Font Warning: Font shape `OT1/cmr/m/n' in size <3.76405> not available
(Font)              size <5> substituted on input line 151.


LaTeX Font Warning: Font shape `OML/cmm/m/it' in size <7.52812> not available
(Font)              size <8> substituted on input line 151.


LaTeX Font Warning: Font shape `OML/cmm/m/it' in size <3.76405> not available
(Font)              size <5> substituted on input line 151.


LaTeX Font Warning: Font shape `OMS/cmsy/m/n' in size <7.52812> not available
(Font)              size <8> substituted on input line 151.


LaTeX Font Warning: Font shape `OMS/cmsy/m/n' in size <3.76405> not available
(Font)              size <5> substituted on input line 151.


Underfull \hbox (badness 10000) in paragraph at lines 190--194
\OT1/ptm/m/n/10.53937 copy\C70/gbsn/m/n/10.53937/76 „\OT1/ptm/m/n/10.53937 H2D\
C70/gbsn/b/n/10.53937/4e - \C70/gbsn/b/n/10.53937/4f M \C70/gbsn/b/n/10.53937/6
5 p \C70/gbsn/b/n/10.53937/4e :\OT1/ptm/m/n/10.53937 6.577 ms\C70/gbsn/b/n/10.5
3937/ff ^^L\OT1/ptm/m/n/10.53937 kernel\C70/gbsn/b/n/10.53937/4e :\OT1/ptm/m/n/
10.53937 0.230
 []


Underfull \hbox (badness 10000) in paragraph at lines 195--199
[]\C70/gbsn/b/n/10.53937/4e $ \C70/gbsn/m/n/10.53937/79 Í \C70/gbsn/b/n/10.5393
7/65 ö \C70/gbsn/b/n/10.53937/95 ô \C70/gbsn/m/n/10.53937/52 ^^W \C70/gbsn/b/n/
10.53937/4e ^^M \C70/gbsn/b/n/10.53937/80 ý \C70/gbsn/m/n/10.53937/6d ÷ \C70/gb
sn/b/n/10.53937/4e : \C70/gbsn/m/n/10.53937/54 ^^L \C70/gbsn/b/n/10.53937/4e ^^
@ \C70/gbsn/m/n/10.53937/79 Í \C70/gbsn/m/n/10.53937/63 ’
 []


Underfull \hbox (badness 2884) in paragraph at lines 195--199
\C70/gbsn/m/n/10.53937/54 ^^M \C70/gbsn/m/n/10.53937/30 ^^B\OT1/ptm/m/n/10.5393
7 C++/CUDA\C70/gbsn/m/n/10.53937/76 „ \C70/gbsn/b/n/10.53937/51 … \C70/gbsn/m/n
/10.53937/90 è \C70/gbsn/b/n/10.53937/8b ¡ \C70/gbsn/b/n/10.53937/65 ö \C70/gbs
n/m/n/10.53937/57 (\OT1/pcr/m/n/10.53937 .tbl\C70/gbsn/m/n/10.53937/5d ò \C70/g
bsn/b/n/10.53937/8b û \C70/gbsn/b/n/10.53937/51 e …
 []

[2]
LaTeX Font Info:    Calculating math sizes for size <9.03374> on input line 226
.


LaTeX Font Warning: Font shape `OT1/cmr/m/n' in size <4.51686> not available
(Font)              size <5> substituted on input line 226.


LaTeX Font Warning: Font shape `OML/cmm/m/it' in size <4.51686> not available
(Font)              size <5> substituted on input line 226.


LaTeX Font Warning: Font shape `OMS/cmsy/m/n' in size <4.51686> not available
(Font)              size <5> substituted on input line 226.


Underfull \hbox (badness 1320) in paragraph at lines 225--227
\OT1/ptm/m/n/9.03374 mark H Stan-dard Spec-i-fi-ca-tion Re-vi-sion 3.0.1[EB/OL]
.
 []


Underfull \hbox (badness 10000) in paragraph at lines 229--231
[]\OT1/ptm/m/n/9.03374 Apache Ar-row Project. Apache Ar-row Doc-u-men-ta-
 []


Underfull \hbox (badness 10000) in paragraph at lines 233--235
[]\OT1/ptm/m/n/9.03374 NVIDIA. CUDA C++ Pro-gram-ming Guide[EB/OL].
 []


Underfull \hbox (badness 10000) in paragraph at lines 233--235
\OT1/pcr/m/n/9.03374 https : / / docs . nvidia . com / cuda /
 []


Underfull \hbox (badness 10000) in paragraph at lines 237--239
[]\OT1/ptm/m/n/9.03374 RAPIDS. cuDF Doc-u-men-ta-tion[EB/OL]. $\OT1/pcr/m/n/9.0
3374 https :
 []

- LAST -
Extra skip:0.0pt
Left:231.63878pt/1.11717pt
Right:227.89497pt/1.41824pt
Split: 231.61534pt
Output:231.61534pt
Pageshrink: 0.0pt
Pagestretch: 0.0pt
@colht:668.63977pt
FLUSHEND [output]: 231.61534pt
FLUSHEND [leftcolumn badness]: 0
FUSHEND [rightcolumn badness]: 2
[3] (./paper.aux)
 ***********
LaTeX2e <2023-11-01> patch level 1
L3 programming layer <2024-01-22>
 ***********


LaTeX Font Warning: Size substitutions with differences
(Font)              up to 1.23595pt have occurred.


LaTeX Font Warning: Some font shapes were not available, defaults substituted.

 ) 
Here is how much of TeX's memory you used:
 5873 strings out of 474222
 83574 string characters out of 5748734
 1963975 words of memory out of 5000000
 27841 multiletter control sequences out of 15000+600000
 608456 words of font info for 188 fonts, out of 8000000 for 9000
 1141 hyphenation exceptions out of 8191
 72i,8n,79p,222b,1478s stack positions out of 10000i,1000n,20000p,200000b,200000s
</usr/share/texlive/texmf-dist/fonts/type1/public/amsfonts/cm/cmex10.pfb></us
r/share/texlive/texmf-dist/fonts/type1/public/amsfonts/cm/cmmi10.pfb></usr/shar
e/texlive/texmf-dist/fonts/type1/public/amsfonts/cm/cmmi7.pfb></usr/share/texli
ve/texmf-dist/fonts/type1/public/amsfonts/cm/cmr10.pfb></usr/share/texlive/texm
f-dist/fonts/type1/public/amsfonts/cm/cmr5.pfb></usr/share/texlive/texmf-dist/f
onts/type1/public/amsfonts/cm/cmr7.pfb></usr/share/texlive/texmf-dist/fonts/typ
e1/public/amsfonts/cm/cmsy10.pfb></usr/share/texmf/fonts/type1/arphic/gbsnu/gbs
nu30.pfb></usr/share/texmf/fonts/type1/arphic/gbsnu/gbsnu4e.pfb></usr/share/tex
mf/fonts/type1/arphic/gbsnu/gbsnu4f.pfb></usr/share/texmf/fonts/type1/arphic/gb
snu/gbsnu50.pfb></usr/share/texmf/fonts/type1/arphic/gbsnu/gbsnu51.pfb></usr/sh
are/texmf/fonts/type1/arphic/gbsnu/gbsnu52.pfb></usr/share/texmf/fonts/type1/ar
phic/gbsnu/gbsnu53.pfb></usr/share/texmf/fonts/type1/arphic/gbsnu/gbsnu54.pfb><
/usr/share/texmf/fonts/type1/arphic/gbsnu/gbsnu55.pfb></usr/share/texmf/fonts/t
ype1/arphic/gbsnu/gbsnu56.pfb></usr/share/texmf/fonts/type1/arphic/gbsnu/gbsnu5
7.pfb></usr/share/texmf/fonts/type1/arphic/gbsnu/gbsnu58.pfb></usr/share/texmf/
fonts/type1/arphic/gbsnu/gbsnu59.pfb></usr/share/texmf/fonts/type1/arphic/gbsnu
/gbsnu5b.pfb></usr/share/texmf/fonts/type1/arphic/gbsnu/gbsnu5c.pfb></usr/share
/texmf/fonts/type1/arphic/gbsnu/gbsnu5d.pfb></usr/share/texmf/fonts/type1/arphi
c/gbsnu/gbsnu5e.pfb></usr/share/texmf/fonts/type1/arphic/gbsnu/gbsnu5f.pfb></us
r/share/texmf/fonts/type1/arphic/gbsnu/gbsnu60.pfb></usr/share/texmf/fonts/type
1/arphic/gbsnu/gbsnu61.pfb></usr/share/texmf/fonts/type1/arphic/gbsnu/gbsnu62.p
fb></usr/share/texmf/fonts/type1/arphic/gbsnu/gbsnu63.pfb></usr/share/texmf/fon
ts/type1/arphic/gbsnu/gbsnu64.pfb></usr/share/texmf/fonts/type1/arphic/gbsnu/gb
snu65.pfb></usr/share/texmf/fonts/type1/arphic/gbsnu/gbsnu66.pfb></usr/share/te
xmf/fonts/type1/arphic/gbsnu/gbsnu67.pfb></usr/share/texmf/fonts/type1/arphic/g
bsnu/gbsnu68.pfb></usr/share/texmf/fonts/type1/arphic/gbsnu/gbsnu6a.pfb></usr/s
hare/texmf/fonts/type1/arphic/gbsnu/gbsnu6b.pfb></usr/share/texmf/fonts/type1/a
rphic/gbsnu/gbsnu6c.pfb></usr/share/texmf/fonts/type1/arphic/gbsnu/gbsnu6d.pfb>
</usr/share/texmf/fonts/type1/arphic/gbsnu/gbsnu6e.pfb></usr/share/texmf/fonts/
type1/arphic/gbsnu/gbsnu70.pfb></usr/share/texmf/fonts/type1/arphic/gbsnu/gbsnu
71.pfb></usr/share/texmf/fonts/type1/arphic/gbsnu/gbsnu72.pfb></usr/share/texmf
/fonts/type1/arphic/gbsnu/gbsnu73.pfb></usr/share/texmf/fonts/type1/arphic/gbsn
u/gbsnu74.pfb></usr/share/texmf/fonts/type1/arphic/gbsnu/gbsnu75.pfb></usr/shar
e/texmf/fonts/type1/arphic/gbsnu/gbsnu76.pfb></usr/share/texmf/fonts/type1/arph
ic/gbsnu/gbsnu77.pfb></usr/share/texmf/fonts/type1/arphic/gbsnu/gbsnu78.pfb></u
sr/share/texmf/fonts/type1/arphic/gbsnu/gbsnu79.pfb></usr/share/texmf/fonts/typ
e1/arphic/gbsnu/gbsnu7a.pfb></usr/share/texmf/fonts/type1/arphic/gbsnu/gbsnu7b.
pfb></usr/share/texmf/fonts/type1/arphic/gbsnu/gbsnu7c.pfb></usr/share/texmf/fo
nts/type1/arphic/gbsnu/gbsnu7d.pfb></usr/share/texmf/fonts/type1/arphic/gbsnu/g
bsnu7e.pfb></usr/share/texmf/fonts/type1/arphic/gbsnu/gbsnu7f.pfb></usr/share/t
exmf/fonts/type1/arphic/gbsnu/gbsnu80.pfb></usr/share/texmf/fonts/type1/arphic/
gbsnu/gbsnu81.pfb></usr/share/texmf/fonts/type1/arphic/gbsnu/gbsnu82.pfb></usr/
share/texmf/fonts/type1/arphic/gbsnu/gbsnu83.pfb></usr/share/texmf/fonts/type1/
arphic/gbsnu/gbsnu85.pfb></usr/share/texmf/fonts/type1/arphic/gbsnu/gbsnu86.pfb
></usr/share/texmf/fonts/type1/arphic/gbsnu/gbsnu88.pfb></usr/share/texmf/fonts
/type1/arphic/gbsnu/gbsnu89.pfb></usr/share/texmf/fonts/type1/arphic/gbsnu/gbsn
u8a.pfb></usr/share/texmf/fonts/type1/arphic/gbsnu/gbsnu8b.pfb></usr/share/texm
f/fonts/type1/arphic/gbsnu/gbsnu8c.pfb></usr/share/texmf/fonts/type1/arphic/gbs
nu/gbsnu8d.pfb></usr/share/texmf/fonts/type1/arphic/gbsnu/gbsnu8f.pfb></usr/sha
re/texmf/fonts/type1/arphic/gbsnu/gbsnu90.pfb></usr/share/texmf/fonts/type1/arp
hic/gbsnu/gbsnu91.pfb></usr/share/texmf/fonts/type1/arphic/gbsnu/gbsnu94.pfb></
usr/share/texmf/fonts/type1/arphic/gbsnu/gbsnu95.pfb></usr/share/texmf/fonts/ty
pe1/arphic/gbsnu/gbsnu96.pfb></usr/share/texmf/fonts/type1/arphic/gbsnu/gbsnu97
.pfb></usr/share/texmf/fonts/type1/arphic/gbsnu/gbsnu98.pfb></usr/share/texmf/f
onts/type1/arphic/gbsnu/gbsnu9a.pfb></usr/share/texmf/fonts/type1/arphic/gbsnu/
gbsnuff.pfb></usr/share/texlive/texmf-dist/fonts/type1/urw/courier/ucrr8a.pfb><
/usr/share/texlive/texmf-dist/fonts/type1/urw/times/utmb8a.pfb></usr/share/texl
ive/texmf-dist/fonts/type1/urw/times/utmr8a.pfb>
Output written on paper.pdf (3 pages, 525093 bytes).
PDF statistics:
 487 PDF objects out of 1000 (max. 8388607)
 249 compressed objects within 3 object streams
 0 named destinations out of 1000 (max. 500000)
 281 words of extra memory for PDF output out of 10000 (max. 10000000)

